// Jest Snapshot v1, https://goo.gl/fbAQLP

exports[`should render header 1`] = `
<header
  className="header"
>
  <h1
    className="header__title"
  >
    Grocery app
  </h1>
  <Navigation />
</header>
`;
